components/dashboard/Assistant.tsx(161,38): error TS2322: Type '{ children: string; variant: "outline"; className: string; }' is not assignable to type 'BadgeProps'.
  Property 'children' does not exist on type 'BadgeProps'.
components/dashboard/DataSchemaView.tsx(239,42): error TS2322: Type '{ children: string; variant: "outline"; className: string; }' is not assignable to type 'BadgeProps'.
  Property 'children' does not exist on type 'BadgeProps'.
components/dashboard/DataSchemaView.tsx(249,50): error TS2322: Type '{ children: string; key: string; className: string; }' is not assignable to type 'BadgeProps'.
  Property 'children' does not exist on type 'BadgeProps'.
components/dashboard/DynamicPricingPanel.tsx(38,9): error TS2769: No overload matches this call.
  Overload 1 of 3, '(options: UndefinedInitialDataOptions<PricingData, Error, PricingData, any[]>, queryClient?: QueryClient): UseQueryResult<...>', gave the following error.
    Type '(route: string) => Promise<PricingData>' is not assignable to type 'QueryFunction<PricingData, any[], never>'.
      Types of parameters 'route' and 'context' are incompatible.
        Type '{ queryKey: any[]; signal: AbortSignal; meta: Record<string, unknown>; }' is not assignable to type 'string'.
  Overload 2 of 3, '(options: DefinedInitialDataOptions<PricingData, Error, PricingData, any[]>, queryClient?: QueryClient): DefinedUseQueryResult<...>', gave the following error.
    Type '(route: string) => Promise<PricingData>' is not assignable to type 'QueryFunction<PricingData, any[], never>'.
      Types of parameters 'route' and 'context' are incompatible.
        Type '{ queryKey: any[]; signal: AbortSignal; meta: Record<string, unknown>; }' is not assignable to type 'string'.
  Overload 3 of 3, '(options: UseQueryOptions<PricingData, Error, PricingData, any[]>, queryClient?: QueryClient): UseQueryResult<PricingData, Error>', gave the following error.
    Type '(route: string) => Promise<PricingData>' is not assignable to type 'QueryFunction<PricingData, any[], never>'.
      Types of parameters 'route' and 'context' are incompatible.
        Type '{ queryKey: any[]; signal: AbortSignal; meta: Record<string, unknown>; }' is not assignable to type 'string'.
components/dashboard/DynamicPricingPanel.tsx(116,66): error TS2322: Type '{ key: number; value: number; }' is not assignable to type '{ value: number; }'.
  Property 'key' does not exist on type '{ value: number; }'.
components/dashboard/FlightTable.tsx(93,17): error TS2322: Type '{ children: "On Track" | "Critical" | "Overbooked" | "Opportunity"; variant: "outline" | "destructive" | "success" | "warning"; }' is not assignable to type 'BadgeProps'.
  Property 'children' does not exist on type 'BadgeProps'.
components/dashboard/ModuleExplanation.tsx(49,34): error TS2322: Type '{ children: string; variant: "outline"; className: string; }' is not assignable to type 'BadgeProps'.
  Property 'children' does not exist on type 'BadgeProps'.
components/dashboard/ModuleExplanation.tsx(66,34): error TS2322: Type '{ children: string; variant: "outline"; className: string; }' is not assignable to type 'BadgeProps'.
  Property 'children' does not exist on type 'BadgeProps'.
components/dashboard/NoShowPanel.tsx(50,5): error TS2769: No overload matches this call.
  Overload 1 of 3, '(options: UndefinedInitialDataOptions<NoShowData, Error, NoShowData, any[]>, queryClient?: QueryClient): UseQueryResult<...>', gave the following error.
    Type '(route: string) => Promise<NoShowData>' is not assignable to type 'QueryFunction<NoShowData, any[], never>'.
      Types of parameters 'route' and 'context' are incompatible.
        Type '{ queryKey: any[]; signal: AbortSignal; meta: Record<string, unknown>; }' is not assignable to type 'string'.
  Overload 2 of 3, '(options: DefinedInitialDataOptions<NoShowData, Error, NoShowData, any[]>, queryClient?: QueryClient): DefinedUseQueryResult<...>', gave the following error.
    Type '(route: string) => Promise<NoShowData>' is not assignable to type 'QueryFunction<NoShowData, any[], never>'.
      Types of parameters 'route' and 'context' are incompatible.
        Type '{ queryKey: any[]; signal: AbortSignal; meta: Record<string, unknown>; }' is not assignable to type 'string'.
  Overload 3 of 3, '(options: UseQueryOptions<NoShowData, Error, NoShowData, any[]>, queryClient?: QueryClient): UseQueryResult<NoShowData, Error>', gave the following error.
    Type '(route: string) => Promise<NoShowData>' is not assignable to type 'QueryFunction<NoShowData, any[], never>'.
      Types of parameters 'route' and 'context' are incompatible.
        Type '{ queryKey: any[]; signal: AbortSignal; meta: Record<string, unknown>; }' is not assignable to type 'string'.
components/dashboard/TechSpecView.tsx(404,31): error TS2322: Type '{ children: string; variant: "success"; className: string; }' is not assignable to type 'BadgeProps'.
  Property 'children' does not exist on type 'BadgeProps'.
components/dashboard/TechSpecView.tsx(411,31): error TS2322: Type '{ children: string; variant: "outline"; className: string; }' is not assignable to type 'BadgeProps'.
  Property 'children' does not exist on type 'BadgeProps'.
components/dashboard/TechSpecView.tsx(468,20): error TS2322: Type '{ children: string; variant: "outline"; className: string; }' is not assignable to type 'BadgeProps'.
  Property 'children' does not exist on type 'BadgeProps'.
components/dashboard/TechSpecView.tsx(487,20): error TS2322: Type '{ children: string; variant: "outline"; className: string; }' is not assignable to type 'BadgeProps'.
  Property 'children' does not exist on type 'BadgeProps'.
components/dashboard/UnconstrainingPanel.tsx(17,44): error TS2304: Cannot find name 'useQuery'.
components/dashboard/UnconstrainingPanel.tsx(19,24): error TS2304: Cannot find name 'api'.
components/ui/ErrorBoundary.tsx(31,14): error TS2339: Property 'props' does not exist on type 'ErrorBoundary'.
components/ui/ErrorBoundary.tsx(35,14): error TS2339: Property 'setState' does not exist on type 'ErrorBoundary'.
components/ui/ErrorBoundary.tsx(40,22): error TS2339: Property 'props' does not exist on type 'ErrorBoundary'.
components/ui/ErrorBoundary.tsx(41,29): error TS2339: Property 'props' does not exist on type 'ErrorBoundary'.
components/ui/ErrorBoundary.tsx(75,21): error TS2339: Property 'props' does not exist on type 'ErrorBoundary'.
components/ui/Skeleton.tsx(53,21): error TS2322: Type '{ key: number; variant: "text"; className: string; }' is not assignable to type 'SkeletonProps'.
  Property 'key' does not exist on type 'SkeletonProps'.
components/ui/Toast.tsx(88,28): error TS2322: Type '{ key: string; data: Toast; onDismiss: () => void; }' is not assignable to type '{ data: Toast; onDismiss: () => void; }'.
  Property 'key' does not exist on type '{ data: Toast; onDismiss: () => void; }'.
